Child element [2] should be either a string or array